[www.qub.ac.uk/cite2write/harvard3l.html]
[backblue.gif]
[fade.gif]
[index.html]
[www.qub.ac.uk/cite2write/style.css]
[www.qub.ac.uk/cite2write/jquery.qtip.min.css]
[www.qub.ac.uk/cite2write/jquery-ui-1.8.22.custom.css]
[www.qub.ac.uk/cite2write/coda-slider.css]
[maxcdn.bootstrapcdn.com/font-awesome/4.3.0/css/font-awesome.min.css]
[ajax.googleapis.com/ajax/libs/jquery/1.7.2/jquery.min.js]
[ajax.googleapis.com/ajax/libs/jqueryui/1.8.23/jquery-ui.min.js]
[ajax.googleapis.com/ajax/libs/swfobject/2.2/swfobject.js]
[www.qub.ac.uk/cite2write/Scripts/reference-generator-harvard-isbn-doc.js]
[www.qub.ac.uk/cite2write/home.html]
[www.qub.ac.uk/cite2write/images/logo.png]
[www.qub.ac.uk/cite2write/Scripts/scripts.js]
[www.qub.ac.uk/cite2write/dev/logoText.png]
[www.qub.ac.uk/cite2write/images/New Brand.jpg]
[www.qub.ac.uk/cite2write/about.html]
[www.qub.ac.uk/cite2write/contact.html]
[www.qub.ac.uk/cite2write/evaluation.html]
[www.qub.ac.uk/cite2write/sitemap.html]
[www.qub.ac.uk/cite2write/help.html]
[www.qub.ac.uk/cite2write/introduction.html]
[www.qub.ac.uk/cite2write/harvard.html]
[www.qub.ac.uk/cite2write/harvard2.html]
[www.qub.ac.uk/cite2write/harvard3.html]
[www.qub.ac.uk/cite2write/harvard3b.html]
[www.qub.ac.uk/cite2write/harvard3c.html]
[www.qub.ac.uk/cite2write/harvard3d.html]
[www.qub.ac.uk/cite2write/harvard3e.html]
[www.qub.ac.uk/cite2write/harvard3f.html]
[www.qub.ac.uk/cite2write/harvard3g.html]
[www.qub.ac.uk/cite2write/harvard3h.html]
[www.qub.ac.uk/cite2write/harvard3i.html]
[www.qub.ac.uk/cite2write/harvard3j.html]
[www.qub.ac.uk/cite2write/harvard3k.html]
[www.qub.ac.uk/cite2write/harvard4.html]
[www.qub.ac.uk/cite2write/vancouver.html]
[www.qub.ac.uk/cite2write/mhra.html]
[www.qub.ac.uk/cite2write/oscola.html]
[www.qub.ac.uk/cite2write/other.html]
[www.qub.ac.uk/cite2write/glossary.html]
[developers.google.com/books/images/google_watermark.gif]
[www.qub.ac.uk/cite2write/harvard3l.html]
[www.googletagmanager.com/gtm5445.html]
[www.qub.ac.uk/cite2write/style.css]
[www.qub.ac.uk/cite2write/jquery.qtip.min.css]
[www.qub.ac.uk/cite2write/images/ui-icons_222222_256x240.2a.delayed]
[www.qub.ac.uk/cite2write/images/ui-bg_diagonals-thick_75_a0a0a0_40x40.2b.delayed]
[www.qub.ac.uk/cite2write/images/ui-bg_flat_75_f0f0f0_40x100.2c.delayed]
[www.qub.ac.uk/cite2write/images/ui-bg_glass_55_fbf9ee_1x400.2d.delayed]
[www.qub.ac.uk/cite2write/images/ui-bg_inset-soft_95_fef1ec_1x100.2e.delayed]
[www.qub.ac.uk/cite2write/images/ui-icons_000000_256x240.2f.delayed]
[www.qub.ac.uk/cite2write/images/ui-icons_2e83ff_256x240.30.delayed]
[www.qub.ac.uk/cite2write/images/ui-icons_cd0a0a_256x240.31.delayed]
[www.qub.ac.uk/cite2write/images/ui-bg_flat_0_aaaaaa_40x100.32.delayed]
[www.qub.ac.uk/cite2write/images/ui-icons_ffffff_256x240.33.delayed]
[www.qub.ac.uk/cite2write/jquery-ui-1.8.22.custom.css]
[www.qub.ac.uk/cite2write/coda-slider.css]
[maxcdn.bootstrapcdn.com/font-awesome/4.3.0/css/font-awesome.min.css]
[www.qub.ac.uk/cite2write/Scripts/AC_RunActiveContent.js]
[www.qub.ac.uk/cite2write/dev/home page rollovers/Intro2.jpg]
[www.qub.ac.uk/cite2write/dev/home page rollovers/Intro1.jpg]
[www.qub.ac.uk/cite2write/dev/home page rollovers/Harv2.jpg]
[www.qub.ac.uk/cite2write/dev/home page rollovers/Harv1.jpg]
[www.qub.ac.uk/cite2write/dev/home page rollovers/Van2.jpg]
[www.qub.ac.uk/cite2write/dev/home page rollovers/Van1.jpg]
[www.qub.ac.uk/cite2write/dev/home page rollovers/MHRA2.jpg]
[www.qub.ac.uk/cite2write/dev/home page rollovers/MHRA1.jpg]
[www.qub.ac.uk/cite2write/dev/home page rollovers/Osc2.jpg]
[www.qub.ac.uk/cite2write/dev/home page rollovers/Osc1.jpg]
[www.qub.ac.uk/cite2write/dev/home page rollovers/other2.jpg]
[www.qub.ac.uk/cite2write/dev/home page rollovers/other1.jpg]
[www.qub.ac.uk/cite2write/home.html]
[www.qub.ac.uk/cite2write/about.html]
[www.qub.ac.uk/cite2write/contact.html]
[www.qub.ac.uk/cite2write/evaluation.html]
[www.qub.ac.uk/cite2write/introduction2.html]
[www.qub.ac.uk/cite2write/introduction3.html]
[www.qub.ac.uk/cite2write/introduction4.html]
[www.qub.ac.uk/cite2write/introduction5.html]
[www.qub.ac.uk/cite2write/introduction6.html]
[www.qub.ac.uk/cite2write/introduction7.html]
[www.qub.ac.uk/cite2write/introduction8.html]
[www.qub.ac.uk/cite2write/harvard2a.html]
[www.qub.ac.uk/cite2write/harvard2b.html]
[www.qub.ac.uk/cite2write/harvard2c.html]
[www.qub.ac.uk/cite2write/harvard2d.html]
[www.qub.ac.uk/cite2write/harvard2e.html]
[www.qub.ac.uk/cite2write/harvard2f.html]
[www.qub.ac.uk/cite2write/harvard2g.html]
[www.qub.ac.uk/cite2write/harvard2h.html]
[www.qub.ac.uk/cite2write/harvard2i.html]
[www.qub.ac.uk/cite2write/harvard2j.html]
[www.qub.ac.uk/cite2write/harvard2k.html]
[www.qub.ac.uk/cite2write/harvard2l.html]
[www.qub.ac.uk/cite2write/harvard4a.57.delayed]
[www.qub.ac.uk/cite2write/vancouver1c.html]
[www.qub.ac.uk/cite2write/vancouver1d.html]
[www.qub.ac.uk/cite2write/vancouver1e.html]
[www.qub.ac.uk/cite2write/vancouver1f.html]
[www.qub.ac.uk/cite2write/vancouver1g.html]
[www.qub.ac.uk/cite2write/vancouver2a.html]
[www.qub.ac.uk/cite2write/vancouver2b.html]
[www.qub.ac.uk/cite2write/vancouver2c.html]
[www.qub.ac.uk/cite2write/vancouver2d.html]
[www.qub.ac.uk/cite2write/vancouver2e.html]
[www.qub.ac.uk/cite2write/vancouver2f.html]
[www.qub.ac.uk/cite2write/vancouver2g.html]
[www.qub.ac.uk/cite2write/vancouver2h.html]
[www.qub.ac.uk/cite2write/vancouver3a.html]
[www.qub.ac.uk/cite2write/vancouver3b.html]
[www.qub.ac.uk/cite2write/vancouver4a.html]
[www.qub.ac.uk/cite2write/mhra1a.68.delayed]
[www.qub.ac.uk/cite2write/mhra1b.html]
[www.qub.ac.uk/cite2write/mhra1c.html]
[www.qub.ac.uk/cite2write/mhra1d.html]
[www.qub.ac.uk/cite2write/mhra1e.html]
[www.qub.ac.uk/cite2write/mhra1f.html]
[www.qub.ac.uk/cite2write/mhra1g.html]
[www.qub.ac.uk/cite2write/mhra2a.html]
[www.qub.ac.uk/cite2write/mhra2b.html]
[www.qub.ac.uk/cite2write/mhra2c.html]
[www.qub.ac.uk/cite2write/mhra2d.html]
[www.qub.ac.uk/cite2write/mhra2e.html]
[www.qub.ac.uk/cite2write/mhra2f.html]
[www.qub.ac.uk/cite2write/mhra2g.html]
[www.qub.ac.uk/cite2write/mhra2h.html]
[www.qub.ac.uk/cite2write/mhra2i.html]
[www.qub.ac.uk/cite2write/mhra3a.html]
[www.qub.ac.uk/cite2write/mhra3b.html]
[www.qub.ac.uk/cite2write/mhra4a.html]
[www.qub.ac.uk/cite2write/oscola1b.html]
[www.qub.ac.uk/cite2write/oscola1c.html]
[www.qub.ac.uk/cite2write/oscola1d.html]
[www.qub.ac.uk/cite2write/oscola1e.html]
[www.qub.ac.uk/cite2write/oscola1f.html]
[www.qub.ac.uk/cite2write/oscola1g.html]
[www.qub.ac.uk/cite2write/oscola1h.html]
[www.qub.ac.uk/cite2write/oscola2a.html]
[www.qub.ac.uk/cite2write/oscola2b.html]
[www.qub.ac.uk/cite2write/oscola2c.html]
[www.qub.ac.uk/cite2write/oscola2d.html]
[www.qub.ac.uk/cite2write/oscola2e.html]
[www.qub.ac.uk/cite2write/oscola2f.html]
[www.qub.ac.uk/cite2write/oscola2g.html]
[www.qub.ac.uk/cite2write/oscola2h.html]
[www.qub.ac.uk/cite2write/oscola2i.html]
[www.qub.ac.uk/cite2write/oscola2j.html]
[www.qub.ac.uk/cite2write/oscola3a.html]
[www.qub.ac.uk/cite2write/oscola3b.html]
[www.qub.ac.uk/cite2write/oscola4a.html]
[www.qub.ac.uk/cite2write/other2.html]
[www.qub.ac.uk/cite2write/other2a.html]
[www.qub.ac.uk/cite2write/other2b.html]
[www.qub.ac.uk/cite2write/other2c.html]
[www.qub.ac.uk/cite2write/sitemap.html]
[www.qub.ac.uk/cite2write/redir.941d24.delayed]
[www.qub.ac.uk/cite2write/images/soundControls.png]
[www.qub.ac.uk/cite2write/images/newbuttonv2.fw.png]
[www.qub.ac.uk/cite2write/images/help1.png]
[www.qub.ac.uk/cite2write/help.html]
[www.qub.ac.uk/cite2write/images/books.png]
[www.qub.ac.uk/cite2write/introduction.html]
[www.qub.ac.uk/cite2write/dev/harvard1/index.html]
[www.qub.ac.uk/cite2write/harvard.html]
[www.qub.ac.uk/cite2write/dev/harvard2/index.html]
[www.qub.ac.uk/cite2write/harvard2.html]
[www.qub.ac.uk/cite2write/dev/harvard15/index.html]
[www.qub.ac.uk/cite2write/harvard3.html]
[www.qub.ac.uk/cite2write/dev/harvard16/index.html]
[www.qub.ac.uk/cite2write/harvard3b.html]
[www.qub.ac.uk/cite2write/dev/harvard17/index.html]
[www.qub.ac.uk/cite2write/harvard3c.html]
[www.qub.ac.uk/cite2write/dev/harvard18/index.html]
[www.qub.ac.uk/cite2write/harvard3d.html]
[www.qub.ac.uk/cite2write/dev/harvard19/index.html]
[www.qub.ac.uk/cite2write/harvard3e.html]
[www.qub.ac.uk/cite2write/dev/harvard20/index.html]
[www.qub.ac.uk/cite2write/harvard3f.html]
[www.qub.ac.uk/cite2write/dev/harvard21/index.html]
[www.qub.ac.uk/cite2write/harvard3g.html]
[www.qub.ac.uk/cite2write/dev/harvard22/index.html]
[www.qub.ac.uk/cite2write/harvard3h.html]
[www.qub.ac.uk/cite2write/dev/harvard23/index.html]
[www.qub.ac.uk/cite2write/harvard3i.html]
[www.qub.ac.uk/cite2write/dev/harvard24/index.html]
[www.qub.ac.uk/cite2write/harvard3j.html]
[www.qub.ac.uk/cite2write/harvard3k.html]
[www.qub.ac.uk/cite2write/harvard.pdf]
[www.qub.ac.uk/cite2write/harvard4.html]
[www.qub.ac.uk/cite2write/dev/vancouver/index.html]
[www.qub.ac.uk/cite2write/vancouver.html]
[www.qub.ac.uk/cite2write/dev/mhra/index.html]
[www.qub.ac.uk/cite2write/mhra.html]
[www.qub.ac.uk/cite2write/dev/oscola/index.html]
[www.qub.ac.uk/cite2write/oscola.html]
[www.qub.ac.uk/cite2write/other.html]
[www.qub.ac.uk/cite2write/dev/glossary/multiscreen.html]
[www.qub.ac.uk/cite2write/glossary.html]
[www.qub.ac.uk/cite2write/images/ui-icons_222222_256x240.html]
[www.qub.ac.uk/cite2write/images/ui-bg_diagonals-thick_75_a0a0a0_40x40.html]
[www.qub.ac.uk/cite2write/images/ui-bg_flat_75_f0f0f0_40x100.html]
[www.qub.ac.uk/cite2write/images/ui-bg_glass_55_fbf9ee_1x400.html]
[www.qub.ac.uk/cite2write/images/ui-bg_inset-soft_95_fef1ec_1x100.html]
[www.qub.ac.uk/cite2write/images/ui-icons_000000_256x240.html]
[www.qub.ac.uk/cite2write/images/ui-icons_2e83ff_256x240.html]
[www.qub.ac.uk/cite2write/images/ui-icons_cd0a0a_256x240.html]
[www.qub.ac.uk/cite2write/images/ui-bg_flat_0_aaaaaa_40x100.html]
[www.qub.ac.uk/cite2write/images/ui-icons_ffffff_256x240.html]
[www.qub.ac.uk/img/arrow.html]
[www.qub.ac.uk/cite2write/audio/home.html]
[www.qub.ac.uk/cite2write/audio/about.html]
[www.qub.ac.uk/cite2write/images/studying.png]
[www.qub.ac.uk/cite2write/introduction2.html]
[www.qub.ac.uk/cite2write/APA referencing.docx]
[www.qub.ac.uk/cite2write/introduction3.html]
[www.qub.ac.uk/cite2write/images/faq.png]
[www.qub.ac.uk/cite2write/introduction4.html]
[www.qub.ac.uk/cite2write/images/plagiarismHumour.png]
[www.qub.ac.uk/cite2write/introduction5.html]
[www.qub.ac.uk/cite2write/images/exclamation.png]
[www.qub.ac.uk/cite2write/introduction6.html]
[www.qub.ac.uk/cite2write/introduction7.html]
[www.qub.ac.uk/cite2write/dev/introduction quiz/quiz/multiscreen.html]
[www.qub.ac.uk/cite2write/introduction8.html]
[www.qub.ac.uk/cite2write/dev/harvard3/index.html]
[www.qub.ac.uk/cite2write/harvard2a.html]
[www.qub.ac.uk/cite2write/dev/harvard4/index.html]
[www.qub.ac.uk/cite2write/harvard2b.html]
[www.qub.ac.uk/cite2write/dev/harvard5/index.html]
[www.qub.ac.uk/cite2write/harvard2c.html]
[www.qub.ac.uk/cite2write/dev/harvard6/index.html]
[www.qub.ac.uk/cite2write/harvard2d.html]
[www.qub.ac.uk/cite2write/dev/harvard7/index.html]
[www.qub.ac.uk/cite2write/harvard2e.html]
[www.qub.ac.uk/cite2write/dev/harvard8/index.html]
[www.qub.ac.uk/cite2write/harvard2f.html]
